   3:1    INT        int
   3:5    ID         gcd
   3:9    LPAREN     (
   3:10   INT        int
   3:14   ID         u
   3:15   COMMA      ,
   3:17   INT        int
   3:21   ID         v
   3:22   RPAREN     )
   4:1    LBRACE     {
   4:3    IF         if
   4:6    LPAREN     (
   4:7    ID         v
   4:9    EQ         ==
   4:12   NUM        0  (= 0)
   4:13   RPAREN     )
   4:15   RETURN     return
   4:22   ID         u
   4:24   SEMI       ;
   5:3    ELSE       else
   5:8    RETURN     return
   5:15   ID         gcd
   5:18   LPAREN     (
   5:19   ID         v
   5:20   COMMA      ,
   5:21   ID         u
   5:22   MINUS      -
   5:23   ID         u
   5:24   OVER       /
   5:25   ID         v
   5:26   TIMES      *
   5:27   ID         v
   5:28   RPAREN     )
   5:29   SEMI       ;
   7:1    RBRACE     }
   8:1    VOID       void
   8:6    ID         main
   8:10   LPAREN     (
   8:11   VOID       void
   8:15   RPAREN     )
   9:1    LBRACE     {
   9:3    INT        int
   9:7    ID         x
   9:8    SEMI       ;
   9:10   INT        int
   9:14   ID         y
   9:15   SEMI       ;
  10:3    ID         x
  10:5    ASSIGN     =
  10:7    ID         input
  10:12   LPAREN     (
  10:13   RPAREN     )
  10:14   SEMI       ;
  10:16   ID         y
  10:18   ASSIGN     =
  10:20   ID         input
  10:25   LPAREN     (
  10:26   RPAREN     )
  10:27   SEMI       ;
  11:3    ID         output
  11:9    LPAREN     (
  11:10   ID         gcd
  11:13   LPAREN     (
  11:14   ID         x
  11:15   COMMA      ,
  11:16   ID         y
  11:17   RPAREN     )
  11:18   RPAREN     )
  11:19   SEMI       ;
  12:1    RBRACE     }
  13:1    EOF
exit status: 0
