scope 0  depth 0  global
  input      function   int (void)       <built-in>
  output     function   void (int)       <built-in>
  gcd        function   int (int, int)   <3:5>
  main       function   void (void)      <8:6>

scope 1  depth 1  function 'gcd'
  u          parameter  int              <3:14>
  v          parameter  int              <3:21>

scope 2  depth 1  function 'main'
  x          variable   int              <9:7>
  y          variable   int              <9:14>
exit status: 0
